train windows: 47430, val windows: 8865
computing joint normalization stats from train split ...
mean: [ 0.075  0.349 -0.004 -1.998 -0.055  2.349  0.198]
std: [0.206 0.405 0.175 0.421 0.316 0.365 0.599]
model params: 9.03M, spatial tokens: 16
gripper pos_weight: 1.143 (pos=708318, neg=809442)
epoch   0  train_loss=0.58035  val_mean_joint_mae=0.18252  val_gripper_acc=0.982  (1111.2s)
  -> saved new best checkpoint (val_mean_joint_mae=0.18252)
epoch   1  train_loss=0.34378  val_mean_joint_mae=0.14585  val_gripper_acc=0.988  (1177.2s)
  -> saved new best checkpoint (val_mean_joint_mae=0.14585)
epoch   2  train_loss=0.31629  val_mean_joint_mae=0.14563  val_gripper_acc=0.991  (1142.0s)
  -> saved new best checkpoint (val_mean_joint_mae=0.14563)
epoch   3  train_loss=0.30038  val_mean_joint_mae=0.15514  val_gripper_acc=0.992  (1145.3s)
epoch   4  train_loss=0.28963  val_mean_joint_mae=0.13538  val_gripper_acc=0.992  (1139.2s)
  -> saved new best checkpoint (val_mean_joint_mae=0.13538)
epoch   5  train_loss=0.28131  val_mean_joint_mae=0.12558  val_gripper_acc=0.992  (1152.8s)
  -> saved new best checkpoint (val_mean_joint_mae=0.12558)
epoch   6  train_loss=0.27404  val_mean_joint_mae=0.13519  val_gripper_acc=0.989  (1122.1s)
epoch   7  train_loss=0.26838  val_mean_joint_mae=0.14000  val_gripper_acc=0.989  (1116.2s)
epoch   8  train_loss=0.26341  val_mean_joint_mae=0.13155  val_gripper_acc=0.993  (1103.1s)
epoch   9  train_loss=0.25924  val_mean_joint_mae=0.13207  val_gripper_acc=0.992  (1104.2s)
epoch  10  train_loss=0.25598  val_mean_joint_mae=0.13136  val_gripper_acc=0.991  (1105.1s)
epoch  11  train_loss=0.25338  val_mean_joint_mae=0.13340  val_gripper_acc=0.991  (1109.5s)
epoch  12  train_loss=0.25160  val_mean_joint_mae=0.13417  val_gripper_acc=0.992  (1105.2s)
epoch  13  train_loss=0.25059  val_mean_joint_mae=0.13390  val_gripper_acc=0.993  (1121.7s)
epoch  14  train_loss=0.25013  val_mean_joint_mae=0.13432  val_gripper_acc=0.993  (1123.7s)
training complete
