W0812 21:33:01.288000 219115 torch/distributed/run.py:851] 
W0812 21:33:01.288000 219115 torch/distributed/run.py:851] *****************************************
W0812 21:33:01.288000 219115 torch/distributed/run.py:851] Setting OMP_NUM_THREADS environment variable for each process to be 1 in default, to avoid your system being overloaded, please further tune the variable for optimal performance in your application as needed. 
W0812 21:33:01.288000 219115 torch/distributed/run.py:851] *****************************************
train windows: 47430, val windows: 8865, world_size=2
computing joint normalization stats + gripper pos_weight (parquet-only, no video decode) ...
mean: [ 0.075  0.349 -0.004 -1.998 -0.055  2.349  0.198]
std: [0.206 0.405 0.175 0.421 0.316 0.365 0.599]
gripper pos_weight: 1.143 (pos=708318, neg=809442)
arch=v2  model params: 9.00M  96 tokens (vs v1's 1536)
epoch   0  train_loss=0.74191  val_mean_joint_mae=0.29722  val_gripper_acc=0.979  (319.7s)
  -> saved new best checkpoint (val_mean_joint_mae=0.29722)
/workspace/wise_idm/.venv/lib/python3.11/site-packages/torch/distributed/c10d_logger.py:83: UserWarning: barrier(): using the device under current context. You can specify `device_id` in `init_process_group` to mute this warning.
  return func(*args, **kwargs)
epoch   1  train_loss=0.47606  val_mean_joint_mae=0.31254  val_gripper_acc=0.988  (329.6s)
epoch   2  train_loss=0.39618  val_mean_joint_mae=0.30229  val_gripper_acc=0.990  (334.8s)
epoch   3  train_loss=0.35911  val_mean_joint_mae=0.29007  val_gripper_acc=0.988  (339.0s)
  -> saved new best checkpoint (val_mean_joint_mae=0.29007)
epoch   4  train_loss=0.33859  val_mean_joint_mae=0.27831  val_gripper_acc=0.990  (341.9s)
  -> saved new best checkpoint (val_mean_joint_mae=0.27831)
epoch   5  train_loss=0.32056  val_mean_joint_mae=0.28345  val_gripper_acc=0.991  (338.4s)
epoch   6  train_loss=0.31222  val_mean_joint_mae=0.28717  val_gripper_acc=0.989  (340.2s)
W0812 22:29:14.279000 219115 torch/distributed/elastic/agent/server/api.py:739] Received 15 death signal, shutting down workers
W0812 22:29:14.314000 219115 torch/distributed/elastic/multiprocessing/api.py:1012] Sending process 219193 closing signal SIGTERM
W0812 22:29:14.318000 219115 torch/distributed/elastic/multiprocessing/api.py:1012] Sending process 219194 closing signal SIGTERM
Traceback (most recent call last):
  File "/workspace/wise_idm/.venv/bin/torchrun", line 10, in <module>
    sys.exit(main())
             ^^^^^^
  File "/workspace/wise_idm/.venv/lib/python3.11/site-packages/torch/distributed/elastic/multiprocessing/errors/__init__.py", line 362, in wrapper
    return f(*args, **kwargs)
           ^^^^^^^^^^^^^^^^^^
  File "/workspace/wise_idm/.venv/lib/python3.11/site-packages/torch/distributed/run.py", line 990, in main
    run(args)
  File "/workspace/wise_idm/.venv/lib/python3.11/site-packages/torch/distributed/run.py", line 981, in run
    elastic_launch(
  File "/workspace/wise_idm/.venv/lib/python3.11/site-packages/torch/distributed/launcher/api.py", line 170, in __call__
    return launch_agent(self._config, self._entrypoint, list(args))
           ^^^^^^^^^^^^^^^^^^^^^^^^^^^^^^^^^^^^^^^^^^^^^^^^^^^^^^^^
  File "/workspace/wise_idm/.venv/lib/python3.11/site-packages/torch/distributed/launcher/api.py", line 308, in launch_agent
    result = agent.run()
             ^^^^^^^^^^^
  File "/workspace/wise_idm/.venv/lib/python3.11/site-packages/torch/distributed/elastic/metrics/api.py", line 134, in wrapper
    result = f(*args, **kwargs)
             ^^^^^^^^^^^^^^^^^^
  File "/workspace/wise_idm/.venv/lib/python3.11/site-packages/torch/distributed/elastic/agent/server/api.py", line 731, in run
    result = self._invoke_run(role)
             ^^^^^^^^^^^^^^^^^^^^^^
  File "/workspace/wise_idm/.venv/lib/python3.11/site-packages/torch/distributed/elastic/agent/server/api.py", line 908, in _invoke_run
    time.sleep(monitor_interval)
  File "/workspace/wise_idm/.venv/lib/python3.11/site-packages/torch/distributed/elastic/multiprocessing/api.py", line 86, in _terminate_process_handler
    raise SignalException(f"Process {os.getpid()} got signal: {sigval}", sigval=sigval)
torch.distributed.elastic.multiprocessing.api.SignalException: Process 219115 got signal: 15
