train windows: 47430, val windows: 8865
computing joint normalization stats from train split ...
mean: [ 0.075  0.349 -0.004 -1.998 -0.055  2.349  0.198]
std: [0.206 0.405 0.175 0.421 0.316 0.365 0.599]
model params: 9.03M, spatial tokens: 16
gripper pos_weight: 1.143 (pos=708318, neg=809442)
epoch   0  train_loss=0.58559  val_mean_joint_mae=0.18026  val_gripper_acc=0.984  (998.0s)
  -> saved new best checkpoint (val_mean_joint_mae=0.18026)
epoch   1  train_loss=0.35028  val_mean_joint_mae=0.15611  val_gripper_acc=0.990  (1012.7s)
  -> saved new best checkpoint (val_mean_joint_mae=0.15611)
epoch   2  train_loss=0.32373  val_mean_joint_mae=0.15721  val_gripper_acc=0.990  (1057.8s)
epoch   3  train_loss=0.30821  val_mean_joint_mae=0.14977  val_gripper_acc=0.989  (1055.7s)
  -> saved new best checkpoint (val_mean_joint_mae=0.14977)
epoch   4  train_loss=0.29568  val_mean_joint_mae=0.15538  val_gripper_acc=0.989  (1057.4s)
epoch   5  train_loss=0.28624  val_mean_joint_mae=0.13142  val_gripper_acc=0.993  (1049.1s)
  -> saved new best checkpoint (val_mean_joint_mae=0.13142)
epoch   6  train_loss=0.27695  val_mean_joint_mae=0.14167  val_gripper_acc=0.993  (1056.5s)
epoch   7  train_loss=0.27084  val_mean_joint_mae=0.13242  val_gripper_acc=0.993  (1054.3s)
epoch   8  train_loss=0.26521  val_mean_joint_mae=0.12384  val_gripper_acc=0.993  (1043.5s)
  -> saved new best checkpoint (val_mean_joint_mae=0.12384)
epoch   9  train_loss=0.26053  val_mean_joint_mae=0.12577  val_gripper_acc=0.993  (1026.3s)
epoch  10  train_loss=0.25681  val_mean_joint_mae=0.12403  val_gripper_acc=0.992  (1007.6s)
epoch  11  train_loss=0.25386  val_mean_joint_mae=0.12522  val_gripper_acc=0.993  (1004.1s)
epoch  12  train_loss=0.25200  val_mean_joint_mae=0.12403  val_gripper_acc=0.994  (1009.1s)
epoch  13  train_loss=0.25085  val_mean_joint_mae=0.12535  val_gripper_acc=0.994  (1009.8s)
epoch  14  train_loss=0.25036  val_mean_joint_mae=0.12490  val_gripper_acc=0.994  (1013.2s)
training complete
